=== PAGE 105/135 ===
Processing page: page-0105.pdf
Submitted job: 79892322669248512
79892322669248512: pending
79892322669248512: done, pages=1
Saved OCR draft: D:\pang\tmp\paddleocr\胖东来故事手册（二）\ocr\page-0105
=== PAGE 106/135 ===
Processing page: page-0106.pdf
Submitted job: 79892350455046144
79892350455046144: running 0/1
79892350455046144: done, pages=1
Saved OCR draft: D:\pang\tmp\paddleocr\胖东来故事手册（二）\ocr\page-0106
=== PAGE 107/135 ===
Processing page: page-0107.pdf
Submitted job: 79892379080089600
79892379080089600: pending
79892379080089600: done, pages=1
Saved OCR draft: D:\pang\tmp\paddleocr\胖东来故事手册（二）\ocr\page-0107
=== PAGE 108/135 ===
Processing page: page-0108.pdf
Submitted job: 79892408218181632
79892408218181632: pending
79892408218181632: done, pages=1
Saved OCR draft: D:\pang\tmp\paddleocr\胖东来故事手册（二）\ocr\page-0108
=== PAGE 109/135 ===
Processing page: page-0109.pdf
Submitted job: 79892436242563072
79892436242563072: running 0/1
79892436242563072: done, pages=1
Saved OCR draft: D:\pang\tmp\paddleocr\胖东来故事手册（二）\ocr\page-0109
=== PAGE 110/135 ===
Processing page: page-0110.pdf
Submitted job: 79892463653314560
79892463653314560: pending
79892463653314560: done, pages=1
Saved OCR draft: D:\pang\tmp\paddleocr\胖东来故事手册（二）\ocr\page-0110
=== PAGE 111/135 ===
Processing page: page-0111.pdf
Submitted job: 79892491347697664
79892491347697664: running 0/1
79892491347697664: running 0/1
79892491347697664: done, pages=1
Saved OCR draft: D:\pang\tmp\paddleocr\胖东来故事手册（二）\ocr\page-0111
=== PAGE 112/135 ===
Processing page: page-0112.pdf
Submitted job: 79892539734781952
79892539734781952: pending
79892539734781952: running 0/1
79892539734781952: done, pages=1
Saved OCR draft: D:\pang\tmp\paddleocr\胖东来故事手册（二）\ocr\page-0112
=== PAGE 113/135 ===
Processing page: page-0113.pdf
Submitted job: 79892589265313792
79892589265313792: pending
79892589265313792: done, pages=1
Saved OCR draft: D:\pang\tmp\paddleocr\胖东来故事手册（二）\ocr\page-0113
=== PAGE 114/135 ===
Processing page: page-0114.pdf
Submitted job: 79892616613048320
79892616613048320: pending
79892616613048320: done, pages=1
Saved OCR draft: D:\pang\tmp\paddleocr\胖东来故事手册（二）\ocr\page-0114
=== PAGE 115/135 ===
Processing page: page-0115.pdf
Submitted job: 79892644386598912
79892644386598912: running 0/1
79892644386598912: done, pages=1
Saved OCR draft: D:\pang\tmp\paddleocr\胖东来故事手册（二）\ocr\page-0115
=== PAGE 116/135 ===
Processing page: page-0116.pdf
Submitted job: 79892671821799424
79892671821799424: pending
79892671821799424: done, pages=1
Saved OCR draft: D:\pang\tmp\paddleocr\胖东来故事手册（二）\ocr\page-0116
=== PAGE 117/135 ===
Processing page: page-0117.pdf
Submitted job: 79892700812828672
79892700812828672: pending
79892700812828672: done, pages=1
Saved OCR draft: D:\pang\tmp\paddleocr\胖东来故事手册（二）\ocr\page-0117
=== PAGE 118/135 ===
Processing page: page-0118.pdf
Submitted job: 79892728829190144
79892728829190144: pending
79892728829190144: running 0/1
79892728829190144: running 0/1
79892728829190144: done, pages=1
Saved OCR draft: D:\pang\tmp\paddleocr\胖东来故事手册（二）\ocr\page-0118
=== PAGE 119/135 ===
Processing page: page-0119.pdf
Submitted job: 79892800889634816
79892800889634816: pending
79892800889634816: done, pages=1
Saved OCR draft: D:\pang\tmp\paddleocr\胖东来故事手册（二）\ocr\page-0119
=== PAGE 120/135 ===
Processing page: page-0120.pdf
Submitted job: 79892828481290240
79892828481290240: pending
79892828481290240: done, pages=1
Saved OCR draft: D:\pang\tmp\paddleocr\胖东来故事手册（二）\ocr\page-0120
=== PAGE 121/135 ===
Processing page: page-0121.pdf
Submitted job: 79892859199217664
79892859199217664: pending
79892859199217664: done, pages=1
Saved OCR draft: D:\pang\tmp\paddleocr\胖东来故事手册（二）\ocr\page-0121
=== PAGE 122/135 ===
Processing page: page-0122.pdf
Submitted job: 79892886252269568
79892886252269568: pending
79892886252269568: done, pages=1
Saved OCR draft: D:\pang\tmp\paddleocr\胖东来故事手册（二）\ocr\page-0122
=== PAGE 123/135 ===
Processing page: page-0123.pdf
Submitted job: 79892914003193856
79892914003193856: running 0/1
79892914003193856: done, pages=1
Saved OCR draft: D:\pang\tmp\paddleocr\胖东来故事手册（二）\ocr\page-0123
=== PAGE 124/135 ===
Processing page: page-0124.pdf
Submitted job: 79892940424765440
79892940424765440: pending
79892940424765440: done, pages=1
Saved OCR draft: D:\pang\tmp\paddleocr\胖东来故事手册（二）\ocr\page-0124
=== PAGE 125/135 ===
Processing page: page-0125.pdf
Submitted job: 79892968569896960
79892968569896960: pending
79892968569896960: done, pages=1
Saved OCR draft: D:\pang\tmp\paddleocr\胖东来故事手册（二）\ocr\page-0125
=== PAGE 126/135 ===
Processing page: page-0126.pdf
Submitted job: 79892995390398464
79892995390398464: running 0/1
79892995390398464: running 0/1
79892995390398464: running 0/1
79892995390398464: running 0/1
79892995390398464: running 0/1
79892995390398464: running 0/1
79892995390398464: running 0/1
79892995390398464: running 0/1
79892995390398464: running 0/1
79892995390398464: running 0/1
79892995390398464: running 0/1
79892995390398464: running 0/1
79892995390398464: running 0/1
79892995390398464: running 0/1
79892995390398464: running 0/1
79892995390398464: running 0/1
79892995390398464: running 0/1
79892995390398464: running 0/1
79892995390398464: running 0/1
79892995390398464: running 0/1
79892995390398464: running 0/1
79892995390398464: running 0/1
79892995390398464: running 0/1
79892995390398464: running 0/1
79892995390398464: running 0/1
79892995390398464: running 0/1
79892995390398464: running 0/1
79892995390398464: done, pages=1
Saved OCR draft: D:\pang\tmp\paddleocr\胖东来故事手册（二）\ocr\page-0126
=== PAGE 127/135 ===
Processing page: page-0127.pdf
Resuming job: 79893563508269056
79893563508269056: done, pages=1
Saved OCR draft: D:\pang\tmp\paddleocr\胖东来故事手册（二）\ocr\page-0127
=== PAGE 128/135 ===
Processing page: page-0128.pdf
Submitted job: 79893589240000512
79893589240000512: running 0/1
79893589240000512: done, pages=1
Saved OCR draft: D:\pang\tmp\paddleocr\胖东来故事手册（二）\ocr\page-0128
=== PAGE 129/135 ===
Processing page: page-0129.pdf
Submitted job: 79893617501544448
79893617501544448: running 0/1
79893617501544448: done, pages=1
Saved OCR draft: D:\pang\tmp\paddleocr\胖东来故事手册（二）\ocr\page-0129
=== PAGE 130/135 ===
Processing page: page-0130.pdf
Submitted job: 79893646190264320
79893646190264320: pending
79893646190264320: done, pages=1
Saved OCR draft: D:\pang\tmp\paddleocr\胖东来故事手册（二）\ocr\page-0130
=== PAGE 131/135 ===
Processing page: page-0131.pdf
Submitted job: 79893677098090496
79893677098090496: pending
79893677098090496: done, pages=1
Saved OCR draft: D:\pang\tmp\paddleocr\胖东来故事手册（二）\ocr\page-0131
=== PAGE 132/135 ===
Processing page: page-0132.pdf
Submitted job: 79893703400890368
79893703400890368: pending
79893703400890368: done, pages=1
Saved OCR draft: D:\pang\tmp\paddleocr\胖东来故事手册（二）\ocr\page-0132
=== PAGE 133/135 ===
Processing page: page-0133.pdf
Submitted job: 79893730490597376
79893730490597376: running 0/1
79893730490597376: done, pages=1
Saved OCR draft: D:\pang\tmp\paddleocr\胖东来故事手册（二）\ocr\page-0133
=== PAGE 134/135 ===
Processing page: page-0134.pdf
Submitted job: 79893756680765440
79893756680765440: pending
79893756680765440: done, pages=1
Saved OCR draft: D:\pang\tmp\paddleocr\胖东来故事手册（二）\ocr\page-0134
=== PAGE 135/135 ===
Processing page: page-0135.pdf
Submitted job: 79893783891992576
79893783891992576: pending
79893783891992576: done, pages=1
Saved OCR draft: D:\pang\tmp\paddleocr\胖东来故事手册（二）\ocr\page-0135
