=== PAGE 127/135 ===
Processing page: page-0127.pdf
Submitted job: 79893563508269056
79893563508269056: pending
79893563508269056: done, pages=1
Saved OCR draft: D:\pang\tmp\paddleocr\胖东来故事手册（二）\ocr\page-0127
=== PAGE 128/135 ===
Processing page: page-0128.pdf
Resuming job: 79893589240000512
79893589240000512: running 0/1
79893589240000512: done, pages=1
Saved OCR draft: D:\pang\tmp\paddleocr\胖东来故事手册（二）\ocr\page-0128
=== PAGE 129/135 ===
Processing page: page-0129.pdf
Resuming job: 79893617501544448
79893617501544448: running 0/1
79893617501544448: done, pages=1
Saved OCR draft: D:\pang\tmp\paddleocr\胖东来故事手册（二）\ocr\page-0129
=== PAGE 130/135 ===
Processing page: page-0130.pdf
Submitted job: 79893646231224320
79893646231224320: pending
79893646231224320: done, pages=1
Saved OCR draft: D:\pang\tmp\paddleocr\胖东来故事手册（二）\ocr\page-0130
=== PAGE 131/135 ===
Processing page: page-0131.pdf
Submitted job: 79893677078044672
79893677078044672: running 0/1
79893677078044672: done, pages=1
Saved OCR draft: D:\pang\tmp\paddleocr\胖东来故事手册（二）\ocr\page-0131
=== PAGE 132/135 ===
Processing page: page-0132.pdf
Submitted job: 79893703405690880
79893703405690880: pending
79893703405690880: done, pages=1
Saved OCR draft: D:\pang\tmp\paddleocr\胖东来故事手册（二）\ocr\page-0132
=== PAGE 133/135 ===
Processing page: page-0133.pdf
Submitted job: 79893730763014144
79893730763014144: pending
79893730763014144: done, pages=1
Saved OCR draft: D:\pang\tmp\paddleocr\胖东来故事手册（二）\ocr\page-0133
=== PAGE 134/135 ===
Processing page: page-0134.pdf
Submitted job: 79893756770541568
79893756770541568: pending
79893756770541568: done, pages=1
Saved OCR draft: D:\pang\tmp\paddleocr\胖东来故事手册（二）\ocr\page-0134
=== PAGE 135/135 ===
Processing page: page-0135.pdf
Submitted job: 79893783844052992
79893783844052992: pending
79893783844052992: done, pages=1
Saved OCR draft: D:\pang\tmp\paddleocr\胖东来故事手册（二）\ocr\page-0135
